../CPP/Button/Button.cpp:16:1:Button::Button()	16	static
../CPP/Button/Button.cpp:30:6:void Button::COL_SCAN()	16	static
../CPP/Button/Button.cpp:62:6:void Button::ROW_SCAN()	16	static
../CPP/Button/Button.cpp:133:6:void Button::Print_Key()	24	static
../CPP/Button/Button.cpp:141:6:void Button::Key_led_on()	16	static
../CPP/Button/Button.cpp:148:6:void Button::Key_led_off()	16	static
../CPP/Button/Button.cpp:152:1:void __static_initialization_and_destruction_0(int, int)	16	static
../CPP/Button/Button.cpp:152:1:cpp)	8	static
